{
  "name": "Administrator tmp",
  "username": "admintmp",
  "email": "admintmp@local.com",
  "phone": null,
  "address": null
}