[{"name":"Sony","id":1},{"name":"Toshiba","id":2},{"name":"Apple","id":3},{"name":"HP","id":4},{"name":"Samsung","id":5},{"name":"Asus","id":6},{"name":"Lenovo","id":7},{"name":"Acer","id":8},{"name":"Dell","id":9},{"name":"Nokia","id":10}]