{
  "items": [
    {
      "name": "Demo Customer",
      "id": 2,
      "active": true
    }
  ],
  "allSavedItemsCount": 1
}