{
  "applied": 3,
  "invited": 2,
  "rejected": 1,
  "hired": 1
}

