{"items":[{"name":"Laptops","id":1},{"name":"Mobiles","id":2},{"name":"Tablets","id":3},{"name":"Accessories","id":4},{"name":"Refrigerators","id":5},{"name":"Dishwashers","id":6},{"name":"Air conditioners","id":7},{"name":"Microwave ovens","id":8},{"name":"Water coolers","id":9}],"allSavedItemsCount":10}