{
  "name": "Customer tmp",
  "username": "customer_tmp",
  "email": "customer_tmp@local.com",
  "phone": null,
  "address": null
}