{
  "name": "test product 1",
  "price": 65.2,
  "quantity": 60,
  "description": "ttttttttt666ttttt",
  "category_id": 1,
  "vendor_id": 1,
  "image_uploaded": false
}