[
  {
    "job_title": "Java Engineer_1",
    "start_date": "2020-05-15T17:29:09.612655",
    "number_of_applicants": 4
  },
  {
    "job_title": "React Engineer_2",
    "start_date": "2020-05-16T17:29:09.612655",
    "number_of_applicants": 3
  }
]