[
  {
    "id": 1,
    "job_title": "React Engineer_2",
    "candidate_email": "candidate1@test.com",
    "resume_text": "resume1",
    "application_status": "APPLIED"
  },
  {
    "id": 2,
    "job_title": "React Engineer_2",
    "candidate_email": "candidate2@test.com",
    "resume_text": "resume2",
    "application_status": "APPLIED"
  },
  {
    "id": 3,
    "job_title": "React Engineer_2",
    "candidate_email": "candidate3@test.com",
    "resume_text": "resume3",
    "application_status": "APPLIED"
  }
]