{
  "id": 1,
  "job_title": "React Engineer_2",
  "candidate_email": "candidate1@test.com",
  "resume_text": "resume1",
  "application_status": "APPLIED"
}